edu/upc/subgrupprop113/supermarketmanager/controllers/components/SecondaryButtonController.class
edu/upc/subgrupprop113/supermarketmanager/services/BruteForce.class
edu/upc/subgrupprop113/supermarketmanager/models/Catalog.class
edu/upc/subgrupprop113/supermarketmanager/dtos/ShelvingUnitDto.class
edu/upc/subgrupprop113/supermarketmanager/models/Product.class
edu/upc/subgrupprop113/supermarketmanager/controllers/IDomainController.class
edu/upc/subgrupprop113/supermarketmanager/controllers/components/TopBarController.class
edu/upc/subgrupprop113/supermarketmanager/controllers/CatalogController.class
edu/upc/subgrupprop113/supermarketmanager/DomainControllerDriver.class
edu/upc/subgrupprop113/supermarketmanager/services/GreedyBacktracking.class
edu/upc/subgrupprop113/supermarketmanager/models/SupermarketData.class
edu/upc/subgrupprop113/supermarketmanager/dtos/RelatedProductDto.class
edu/upc/subgrupprop113/supermarketmanager/controllers/components/ShelvingUnitController.class
edu/upc/subgrupprop113/supermarketmanager/models/Supermarket.class
edu/upc/subgrupprop113/supermarketmanager/controllers/LogInController.class
edu/upc/subgrupprop113/supermarketmanager/controllers/MainScreenController.class
module-info.class
edu/upc/subgrupprop113/supermarketmanager/controllers/PresentationController.class
edu/upc/subgrupprop113/supermarketmanager/services/ExportFileStrategy.class
edu/upc/subgrupprop113/supermarketmanager/models/ShelvingUnit.class
edu/upc/subgrupprop113/supermarketmanager/services/Approximation.class
edu/upc/subgrupprop113/supermarketmanager/mappers/ProductMapper.class
edu/upc/subgrupprop113/supermarketmanager/factories/PersistenceControllerFactory.class
edu/upc/subgrupprop113/supermarketmanager/controllers/CatalogController$1.class
edu/upc/subgrupprop113/supermarketmanager/Main.class
edu/upc/subgrupprop113/supermarketmanager/controllers/components/EditKeywordsController.class
edu/upc/subgrupprop113/supermarketmanager/controllers/components/ShelvingUnitSwapController.class
edu/upc/subgrupprop113/supermarketmanager/models/Admin.class
edu/upc/subgrupprop113/supermarketmanager/utils/RelatedProductSerializer.class
edu/upc/subgrupprop113/supermarketmanager/services/OrderingStrategy.class
edu/upc/subgrupprop113/supermarketmanager/services/ExportFileJSON.class
edu/upc/subgrupprop113/supermarketmanager/controllers/EditDistributionController.class
edu/upc/subgrupprop113/supermarketmanager/utils/AssetsImageHandler.class
edu/upc/subgrupprop113/supermarketmanager/controllers/components/PrimaryButtonController.class
edu/upc/subgrupprop113/supermarketmanager/models/RelatedProduct.class
edu/upc/subgrupprop113/supermarketmanager/mappers/ShelvingUnitMapper.class
edu/upc/subgrupprop113/supermarketmanager/controllers/PersistenceController.class
edu/upc/subgrupprop113/supermarketmanager/models/User.class
edu/upc/subgrupprop113/supermarketmanager/controllers/IPersistenceController.class
edu/upc/subgrupprop113/supermarketmanager/controllers/DomainController.class
edu/upc/subgrupprop113/supermarketmanager/factories/DomainControllerFactory.class
edu/upc/subgrupprop113/supermarketmanager/utils/HelperFunctions.class
edu/upc/subgrupprop113/supermarketmanager/dtos/ProductDto.class
edu/upc/subgrupprop113/supermarketmanager/mappers/RelatedProductMapper.class
edu/upc/subgrupprop113/supermarketmanager/controllers/EditShelvingUnitController.class
edu/upc/subgrupprop113/supermarketmanager/controllers/components/SetTemperatureController.class
edu/upc/subgrupprop113/supermarketmanager/services/ImportFileJSON.class
edu/upc/subgrupprop113/supermarketmanager/controllers/components/ShelvingUnitEditionController.class
edu/upc/subgrupprop113/supermarketmanager/models/ProductTemperature.class
edu/upc/subgrupprop113/supermarketmanager/controllers/components/ToastLabelController.class
edu/upc/subgrupprop113/supermarketmanager/services/ImportFileStrategy.class
