/mnt/c/Users/guill/OneDrive/UPC-FIB/2024-25/PROP/subgrup-prop11.3/FONTS/src/main/java/edu/upc/subgrupprop113/supermarketmanager/DomainControllerDriver.java
/mnt/c/Users/guill/OneDrive/UPC-FIB/2024-25/PROP/subgrup-prop11.3/FONTS/src/main/java/edu/upc/subgrupprop113/supermarketmanager/Main.java
/mnt/c/Users/guill/OneDrive/UPC-FIB/2024-25/PROP/subgrup-prop11.3/FONTS/src/main/java/edu/upc/subgrupprop113/supermarketmanager/controllers/CatalogController.java
/mnt/c/Users/guill/OneDrive/UPC-FIB/2024-25/PROP/subgrup-prop11.3/FONTS/src/main/java/edu/upc/subgrupprop113/supermarketmanager/controllers/DomainController.java
/mnt/c/Users/guill/OneDrive/UPC-FIB/2024-25/PROP/subgrup-prop11.3/FONTS/src/main/java/edu/upc/subgrupprop113/supermarketmanager/controllers/EditDistributionController.java
/mnt/c/Users/guill/OneDrive/UPC-FIB/2024-25/PROP/subgrup-prop11.3/FONTS/src/main/java/edu/upc/subgrupprop113/supermarketmanager/controllers/EditShelvingUnitController.java
/mnt/c/Users/guill/OneDrive/UPC-FIB/2024-25/PROP/subgrup-prop11.3/FONTS/src/main/java/edu/upc/subgrupprop113/supermarketmanager/controllers/IDomainController.java
/mnt/c/Users/guill/OneDrive/UPC-FIB/2024-25/PROP/subgrup-prop11.3/FONTS/src/main/java/edu/upc/subgrupprop113/supermarketmanager/controllers/IPersistenceController.java
/mnt/c/Users/guill/OneDrive/UPC-FIB/2024-25/PROP/subgrup-prop11.3/FONTS/src/main/java/edu/upc/subgrupprop113/supermarketmanager/controllers/LogInController.java
/mnt/c/Users/guill/OneDrive/UPC-FIB/2024-25/PROP/subgrup-prop11.3/FONTS/src/main/java/edu/upc/subgrupprop113/supermarketmanager/controllers/MainScreenController.java
/mnt/c/Users/guill/OneDrive/UPC-FIB/2024-25/PROP/subgrup-prop11.3/FONTS/src/main/java/edu/upc/subgrupprop113/supermarketmanager/controllers/PersistenceController.java
/mnt/c/Users/guill/OneDrive/UPC-FIB/2024-25/PROP/subgrup-prop11.3/FONTS/src/main/java/edu/upc/subgrupprop113/supermarketmanager/controllers/PresentationController.java
/mnt/c/Users/guill/OneDrive/UPC-FIB/2024-25/PROP/subgrup-prop11.3/FONTS/src/main/java/edu/upc/subgrupprop113/supermarketmanager/controllers/components/EditKeywordsController.java
/mnt/c/Users/guill/OneDrive/UPC-FIB/2024-25/PROP/subgrup-prop11.3/FONTS/src/main/java/edu/upc/subgrupprop113/supermarketmanager/controllers/components/PrimaryButtonController.java
/mnt/c/Users/guill/OneDrive/UPC-FIB/2024-25/PROP/subgrup-prop11.3/FONTS/src/main/java/edu/upc/subgrupprop113/supermarketmanager/controllers/components/SecondaryButtonController.java
/mnt/c/Users/guill/OneDrive/UPC-FIB/2024-25/PROP/subgrup-prop11.3/FONTS/src/main/java/edu/upc/subgrupprop113/supermarketmanager/controllers/components/SetTemperatureController.java
/mnt/c/Users/guill/OneDrive/UPC-FIB/2024-25/PROP/subgrup-prop11.3/FONTS/src/main/java/edu/upc/subgrupprop113/supermarketmanager/controllers/components/ShelvingUnitController.java
/mnt/c/Users/guill/OneDrive/UPC-FIB/2024-25/PROP/subgrup-prop11.3/FONTS/src/main/java/edu/upc/subgrupprop113/supermarketmanager/controllers/components/ShelvingUnitEditionController.java
/mnt/c/Users/guill/OneDrive/UPC-FIB/2024-25/PROP/subgrup-prop11.3/FONTS/src/main/java/edu/upc/subgrupprop113/supermarketmanager/controllers/components/ShelvingUnitSwapController.java
/mnt/c/Users/guill/OneDrive/UPC-FIB/2024-25/PROP/subgrup-prop11.3/FONTS/src/main/java/edu/upc/subgrupprop113/supermarketmanager/controllers/components/ToastLabelController.java
/mnt/c/Users/guill/OneDrive/UPC-FIB/2024-25/PROP/subgrup-prop11.3/FONTS/src/main/java/edu/upc/subgrupprop113/supermarketmanager/controllers/components/TopBarController.java
/mnt/c/Users/guill/OneDrive/UPC-FIB/2024-25/PROP/subgrup-prop11.3/FONTS/src/main/java/edu/upc/subgrupprop113/supermarketmanager/dtos/ProductDto.java
/mnt/c/Users/guill/OneDrive/UPC-FIB/2024-25/PROP/subgrup-prop11.3/FONTS/src/main/java/edu/upc/subgrupprop113/supermarketmanager/dtos/RelatedProductDto.java
/mnt/c/Users/guill/OneDrive/UPC-FIB/2024-25/PROP/subgrup-prop11.3/FONTS/src/main/java/edu/upc/subgrupprop113/supermarketmanager/dtos/ShelvingUnitDto.java
/mnt/c/Users/guill/OneDrive/UPC-FIB/2024-25/PROP/subgrup-prop11.3/FONTS/src/main/java/edu/upc/subgrupprop113/supermarketmanager/factories/DomainControllerFactory.java
/mnt/c/Users/guill/OneDrive/UPC-FIB/2024-25/PROP/subgrup-prop11.3/FONTS/src/main/java/edu/upc/subgrupprop113/supermarketmanager/factories/PersistenceControllerFactory.java
/mnt/c/Users/guill/OneDrive/UPC-FIB/2024-25/PROP/subgrup-prop11.3/FONTS/src/main/java/edu/upc/subgrupprop113/supermarketmanager/mappers/ProductMapper.java
/mnt/c/Users/guill/OneDrive/UPC-FIB/2024-25/PROP/subgrup-prop11.3/FONTS/src/main/java/edu/upc/subgrupprop113/supermarketmanager/mappers/RelatedProductMapper.java
/mnt/c/Users/guill/OneDrive/UPC-FIB/2024-25/PROP/subgrup-prop11.3/FONTS/src/main/java/edu/upc/subgrupprop113/supermarketmanager/mappers/ShelvingUnitMapper.java
/mnt/c/Users/guill/OneDrive/UPC-FIB/2024-25/PROP/subgrup-prop11.3/FONTS/src/main/java/edu/upc/subgrupprop113/supermarketmanager/models/Admin.java
/mnt/c/Users/guill/OneDrive/UPC-FIB/2024-25/PROP/subgrup-prop11.3/FONTS/src/main/java/edu/upc/subgrupprop113/supermarketmanager/models/Catalog.java
/mnt/c/Users/guill/OneDrive/UPC-FIB/2024-25/PROP/subgrup-prop11.3/FONTS/src/main/java/edu/upc/subgrupprop113/supermarketmanager/models/Product.java
/mnt/c/Users/guill/OneDrive/UPC-FIB/2024-25/PROP/subgrup-prop11.3/FONTS/src/main/java/edu/upc/subgrupprop113/supermarketmanager/models/ProductTemperature.java
/mnt/c/Users/guill/OneDrive/UPC-FIB/2024-25/PROP/subgrup-prop11.3/FONTS/src/main/java/edu/upc/subgrupprop113/supermarketmanager/models/RelatedProduct.java
/mnt/c/Users/guill/OneDrive/UPC-FIB/2024-25/PROP/subgrup-prop11.3/FONTS/src/main/java/edu/upc/subgrupprop113/supermarketmanager/models/ShelvingUnit.java
/mnt/c/Users/guill/OneDrive/UPC-FIB/2024-25/PROP/subgrup-prop11.3/FONTS/src/main/java/edu/upc/subgrupprop113/supermarketmanager/models/Supermarket.java
/mnt/c/Users/guill/OneDrive/UPC-FIB/2024-25/PROP/subgrup-prop11.3/FONTS/src/main/java/edu/upc/subgrupprop113/supermarketmanager/models/SupermarketData.java
/mnt/c/Users/guill/OneDrive/UPC-FIB/2024-25/PROP/subgrup-prop11.3/FONTS/src/main/java/edu/upc/subgrupprop113/supermarketmanager/models/User.java
/mnt/c/Users/guill/OneDrive/UPC-FIB/2024-25/PROP/subgrup-prop11.3/FONTS/src/main/java/edu/upc/subgrupprop113/supermarketmanager/services/Approximation.java
/mnt/c/Users/guill/OneDrive/UPC-FIB/2024-25/PROP/subgrup-prop11.3/FONTS/src/main/java/edu/upc/subgrupprop113/supermarketmanager/services/BruteForce.java
/mnt/c/Users/guill/OneDrive/UPC-FIB/2024-25/PROP/subgrup-prop11.3/FONTS/src/main/java/edu/upc/subgrupprop113/supermarketmanager/services/ExportFileJSON.java
/mnt/c/Users/guill/OneDrive/UPC-FIB/2024-25/PROP/subgrup-prop11.3/FONTS/src/main/java/edu/upc/subgrupprop113/supermarketmanager/services/ExportFileStrategy.java
/mnt/c/Users/guill/OneDrive/UPC-FIB/2024-25/PROP/subgrup-prop11.3/FONTS/src/main/java/edu/upc/subgrupprop113/supermarketmanager/services/GreedyBacktracking.java
/mnt/c/Users/guill/OneDrive/UPC-FIB/2024-25/PROP/subgrup-prop11.3/FONTS/src/main/java/edu/upc/subgrupprop113/supermarketmanager/services/ImportFileJSON.java
/mnt/c/Users/guill/OneDrive/UPC-FIB/2024-25/PROP/subgrup-prop11.3/FONTS/src/main/java/edu/upc/subgrupprop113/supermarketmanager/services/ImportFileStrategy.java
/mnt/c/Users/guill/OneDrive/UPC-FIB/2024-25/PROP/subgrup-prop11.3/FONTS/src/main/java/edu/upc/subgrupprop113/supermarketmanager/services/OrderingStrategy.java
/mnt/c/Users/guill/OneDrive/UPC-FIB/2024-25/PROP/subgrup-prop11.3/FONTS/src/main/java/edu/upc/subgrupprop113/supermarketmanager/utils/AssetsImageHandler.java
/mnt/c/Users/guill/OneDrive/UPC-FIB/2024-25/PROP/subgrup-prop11.3/FONTS/src/main/java/edu/upc/subgrupprop113/supermarketmanager/utils/HelperFunctions.java
/mnt/c/Users/guill/OneDrive/UPC-FIB/2024-25/PROP/subgrup-prop11.3/FONTS/src/main/java/edu/upc/subgrupprop113/supermarketmanager/utils/RelatedProductSerializer.java
/mnt/c/Users/guill/OneDrive/UPC-FIB/2024-25/PROP/subgrup-prop11.3/FONTS/src/main/java/module-info.java
