/mnt/c/Users/guill/OneDrive/UPC-FIB/2024-25/PROP/subgrup-prop11.3/FONTS/src/test/java/edu/upc/subgrupprop113/supermarketmanager/ApproximationTest.java
/mnt/c/Users/guill/OneDrive/UPC-FIB/2024-25/PROP/subgrup-prop11.3/FONTS/src/test/java/edu/upc/subgrupprop113/supermarketmanager/BruteForceTest.java
/mnt/c/Users/guill/OneDrive/UPC-FIB/2024-25/PROP/subgrup-prop11.3/FONTS/src/test/java/edu/upc/subgrupprop113/supermarketmanager/CatalogTest.java
/mnt/c/Users/guill/OneDrive/UPC-FIB/2024-25/PROP/subgrup-prop11.3/FONTS/src/test/java/edu/upc/subgrupprop113/supermarketmanager/ExportFileJSONTest.java
/mnt/c/Users/guill/OneDrive/UPC-FIB/2024-25/PROP/subgrup-prop11.3/FONTS/src/test/java/edu/upc/subgrupprop113/supermarketmanager/ExportFileStub.java
/mnt/c/Users/guill/OneDrive/UPC-FIB/2024-25/PROP/subgrup-prop11.3/FONTS/src/test/java/edu/upc/subgrupprop113/supermarketmanager/GreedyBacktrackingTest.java
/mnt/c/Users/guill/OneDrive/UPC-FIB/2024-25/PROP/subgrup-prop11.3/FONTS/src/test/java/edu/upc/subgrupprop113/supermarketmanager/ImportFileJSONTest.java
/mnt/c/Users/guill/OneDrive/UPC-FIB/2024-25/PROP/subgrup-prop11.3/FONTS/src/test/java/edu/upc/subgrupprop113/supermarketmanager/ImportFileStub.java
/mnt/c/Users/guill/OneDrive/UPC-FIB/2024-25/PROP/subgrup-prop11.3/FONTS/src/test/java/edu/upc/subgrupprop113/supermarketmanager/OrderingStrategyStub.java
/mnt/c/Users/guill/OneDrive/UPC-FIB/2024-25/PROP/subgrup-prop11.3/FONTS/src/test/java/edu/upc/subgrupprop113/supermarketmanager/PersitenceControllerTest.java
/mnt/c/Users/guill/OneDrive/UPC-FIB/2024-25/PROP/subgrup-prop11.3/FONTS/src/test/java/edu/upc/subgrupprop113/supermarketmanager/ProductTest.java
/mnt/c/Users/guill/OneDrive/UPC-FIB/2024-25/PROP/subgrup-prop11.3/FONTS/src/test/java/edu/upc/subgrupprop113/supermarketmanager/RelatedProductTest.java
/mnt/c/Users/guill/OneDrive/UPC-FIB/2024-25/PROP/subgrup-prop11.3/FONTS/src/test/java/edu/upc/subgrupprop113/supermarketmanager/ShelvingUnitTest.java
/mnt/c/Users/guill/OneDrive/UPC-FIB/2024-25/PROP/subgrup-prop11.3/FONTS/src/test/java/edu/upc/subgrupprop113/supermarketmanager/SupermarketTest.java
/mnt/c/Users/guill/OneDrive/UPC-FIB/2024-25/PROP/subgrup-prop11.3/FONTS/src/test/java/edu/upc/subgrupprop113/supermarketmanager/UserStub.java
/mnt/c/Users/guill/OneDrive/UPC-FIB/2024-25/PROP/subgrup-prop11.3/FONTS/src/test/java/edu/upc/subgrupprop113/supermarketmanager/UserTest.java
